1. Найдите полный хеш и комментарий коммита, хеш которого начинается на aefea.

Хэш aefead2207ef7e2aa5dc81a34aedf0cad4c32545, комментарий Update CHANGELOG.md

[max@localhost terraform]$ git show aefea
commit aefead2207ef7e2aa5dc81a34aedf0cad4c32545
Author: Alisdair McDiarmid <alisdair@users.noreply.github.com>
Date:   Thu Jun 18 10:29:58 2020 -0400

    Update CHANGELOG.md
    
*****    

2. Какому тегу соответствует коммит 85024d3?

Тег v0.12.23

[max@localhost terraform]$ git tag --points-at 85024d3
v0.12.23

*****

3. Сколько родителей у коммита b8d720? Напишите их хеши.

Судя по всему, один родитель - 56cd7859e05c36c06b56d013b55a252d0bb7e158, 
возможно, что этот коммит образован слиянием 58dcac4 и ffbcf55, то есть и они 
тоже родители, но не уверен))

[max@localhost terraform]$ git show b8d720^
commit 56cd7859e05c36c06b56d013b55a252d0bb7e158
Merge: 58dcac4 ffbcf55
Author: Chris Griggs <cgriggs@hashicorp.com>
Date:   Mon Jan 13 13:19:09 2020 -0800

*****
   
4. Перечислите хеши и комментарии всех коммитов которые были сделаны между 
тегами v0.12.23 и v0.12.24.

Сначала находим хэши по тегам, затем все коммиты между двумя тегами:

git show v0.12.23
commit 85024d3100126de36331c6982bfaac02cdab9e76
git show v0.12.24
commit 33ff1c03bb960b332be3af2e333462dde88b279e

[max@localhost terraform]$ git log 85024d3100126de36331c6982bfaac02cdab9e76 
33ff1c03bb960b332be3af2e333462dde88b279e --pretty=oneline
33ff1c03bb960b332be3af2e333462dde88b279e v0.12.24
b14b74c4939dcab573326f4e3ee2a62e23e12f89 [Website] vmc provider links
3f235065b9347a758efadc92295b540ee0a5e26e Update CHANGELOG.md
6ae64e247b332925b872447e9ce869657281c2bf registry: Fix panic when server is 
unreachable
5c619ca1baf2e21a155fcdb4c264cc9e24a2a353 website: Remove links to the getting 
started guide's old location
06275647e2b53d97d4f0a19a0fec11f6d69820b5 Update CHANGELOG.md
d5f9411f5108260320064349b757f55c09bc4b80 command: Fix bug when using terraform 
login on Windows
4b6d06cc5dcb78af637bbb19c198faff37a066ed Update CHANGELOG.md
dd01a35078f040ca984cdd349f18d0b67e486c35 Update CHANGELOG.md
225466bc3e5f35baa5d07197bbc079345b77525e Cleanup after v0.12.23 release
85024d3100126de36331c6982bfaac02cdab9e76 v0.12.23

*****

5. Найдите коммит в котором была создана функция func providerSource, ее 
определение в коде выглядит так func providerSource(...) (вместо троеточего 
перечислены аргументы).

git grep -p "func providerSource(" почему-то не работает (возможно, потому что 
у меня Гит версии 1.8.3.1), нашел другим способом, коммит 
8c928e83589d90a031f811fae52a81be7153e82f

[max@localhost terraform]$ git log -S "func providerSource(" --oneline -p      
8c928e8 main: Consult local directories as potential mirrors of providers

[max@localhost terraform]$ git log 8c928e8
commit 8c928e83589d90a031f811fae52a81be7153e82f
Author: Martin Atkins <mart@degeneration.co.uk>

*****

6. Найдите все коммиты в которых была изменена функция globalPluginDirs.

Также с помощью git log -S "globalPluginDirs", коммиты 
e1590d0a70c084a47dbe5ec12db4f236d493defc, 35a058fb3ddfae9cfee0b3893822c9a95b920f4c, 
c0b17610965450a89598da491ce9b6b5cbd6393f и 8364383c359a6b738a436d1b7745ccdce178df47

*****

7. Кто автор функции synchronizedWriters?

Martin Atkins - с помощью git log -S "synchronizedWriters" нашлось 3 коммита, самый старый из них:

commit 5ac311e2a91e381e2f52234668b49ba670aa0fe5
Author: Martin Atkins <mart@degeneration.co.uk>
Date:   Wed May 3 16:25:41 2017 -0700
